[digikit.netlify.app/pages/home_3.html]
[digikit.netlify.app/assets/img/logos/fav.png]
[digikit.netlify.app/assets/css/bootstrap.min.css]
[digikit.netlify.app/assets/css/owl.carousel.min.css]
[digikit.netlify.app/assets/css/owl.theme.default.min.css]
[digikit.netlify.app/assets/css/slick.css]
[digikit.netlify.app/assets/css/slick-theme.css]
[digikit.netlify.app/assets/css/aos.css]
[digikit.netlify.app/assets/css/all.min.css]
[backblue.gif]
[fade.gif]
[index.html]
[digikit.netlify.app/assets/css/style.css]
[digikit.netlify.app/pages/home_1.html]
[digikit.netlify.app/pages/home_2.html]
[digikit.netlify.app/pages/home_4.html]
[digikit.netlify.app/pages/home_5.html]
[digikit.netlify.app/pages/home_1_grad.html]
[digikit.netlify.app/pages/home_2_grad.html]
[digikit.netlify.app/pages/home_3_grad.html]
[digikit.netlify.app/pages/home_4_grad.html]
[digikit.netlify.app/pages/home_5_grad.html]
[digikit.netlify.app/pages/page_about.html]
[digikit.netlify.app/pages/page_services.html]
[digikit.netlify.app/pages/page_plans.html]
[digikit.netlify.app/pages/page_blog.html]
[digikit.netlify.app/pages/page_blog details.html]
[digikit.netlify.app/pages/page_article.html]
[digikit.netlify.app/pages/page_contact.html]
[digikit.netlify.app/pages/page_help.html]
[digikit.netlify.app/assets/images/others/app+illustration.png]
[digikit.netlify.app/assets/images/bg/post9.png]
[digikit.netlify.app/assets/images/bg/post8.png]
[digikit.netlify.app/assets/images/bg/post7.png]
[digikit.netlify.app/assets/images/bg/post6.png]
[digikit.netlify.app/assets/js/plugins/jQuery.min.js]
[digikit.netlify.app/assets/js/plugins/modernizr.min.js]
[digikit.netlify.app/assets/js/plugins/bootstrap.min.js]
[digikit.netlify.app/assets/js/plugins/feather-icons.js]
[digikit.netlify.app/assets/js/plugins/slick.min.js]
[digikit.netlify.app/assets/js/plugins/aos.js]
[digikit.netlify.app/assets/js/plugins/typed.js]
[digikit.netlify.app/assets/js/plugins/owl.carousel.min.js]
[digikit.netlify.app/assets/js/plugins/jquery.waypoints.min.js]
[digikit.netlify.app/assets/js/plugins/jquery.counterup.min.js]
[digikit.netlify.app/assets/js/plugins/all.min.js]
[unpkg.com/ionicons@4.5.10-0/dist/ionicons.js]
[digikit.netlify.app/assets/js/main.js]
[digikit.netlify.app/pages/home_3.html]
[digikit.netlify.app/assets/img/logos/fav.html]
[digikit.netlify.app/assets/css/bootstrap.min.css]
[digikit.netlify.app/assets/css/owl.video.play.png]
[digikit.netlify.app/assets/css/owl.carousel.min.css]
[digikit.netlify.app/assets/css/owl.theme.default.min.html]
[digikit.netlify.app/assets/css/slick.css]
[digikit.netlify.app/assets/css/ajax-loader.gif]
[digikit.netlify.app/assets/css/fonts/slick.eot]
[digikit.netlify.app/assets/css/fonts/slickd41d.eot]
[digikit.netlify.app/assets/css/fonts/slick.woff]
[digikit.netlify.app/assets/css/fonts/slick.ttf]
[digikit.netlify.app/assets/css/fonts/slick.svg]
[digikit.netlify.app/assets/css/slick-theme.css]
[digikit.netlify.app/assets/css/aos.css]
[digikit.netlify.app/assets/css/all.min.css]
[digikit.netlify.app/assets/images/bg/pattern-bg.png]
[digikit.netlify.app/assets/images/icons/loader.gif]
[digikit.netlify.app/assets/img/bg/box.png]
[digikit.netlify.app/assets/img/bg/sectionbg.jpg]
[digikit.netlify.app/assets/img/bg/imgsection.jpg]
[digikit.netlify.app/assets/img/bg/imgsection2.jpg]
[digikit.netlify.app/assets/img/bg/shape.png]
[digikit.netlify.app/assets/images/others/purshase.jpg]
[digikit.netlify.app/assets/images/others/footer_bg.jpg]
[digikit.netlify.app/assets/css/style.css]
[digikit.netlify.app/assets/images/bg/work1.png]
[digikit.netlify.app/assets/images/bg/work2.png]
[digikit.netlify.app/assets/images/bg/work3.png]
[digikit.netlify.app/assets/images/bg/post1.png]
[digikit.netlify.app/assets/images/bg/post3.png]
[digikit.netlify.app/assets/images/bg/post1.jpg]
[digikit.netlify.app/pages/home_1.html]
[digikit.netlify.app/assets/images/bg/header-2.png]
[digikit.netlify.app/assets/images/others/signature.png]
[digikit.netlify.app/assets/images/bg/product1.jpg]
[digikit.netlify.app/assets/images/bg/product7.jpg]
[digikit.netlify.app/assets/images/bg/product10.jpg]
[digikit.netlify.app/assets/images/bg/product9.jpg]
[digikit.netlify.app/assets/images/bg/product4.jpg]
[digikit.netlify.app/assets/images/bg/product6.jpg]
[digikit.netlify.app/assets/images/bg/testimonials-bg.png]
[digikit.netlify.app/assets/images/bg/member1.png]
[digikit.netlify.app/assets/images/bg/member2.png]
[digikit.netlify.app/assets/images/bg/member3.png]
[digikit.netlify.app/assets/images/bg/member4.png]
[digikit.netlify.app/assets/images/bg/call2action.png]
[www.finiata.com/wp-content/uploads/2019/03/facebook-ads-illustrations-finiata-09-120x120.jpg]
[digikit.netlify.app/pages/home_2.html]
[digikit.netlify.app/pages/index.html]
[digikit.netlify.app/pages/about.html]
[digikit.netlify.app/pages/pricing.html]
[digikit.netlify.app/pages/contact.html]
[digikit.netlify.app/pages/blog.html]
[digikit.netlify.app/pages/privacy.html]
[digikit.netlify.app/assets/js/plugins/particles.min.js]
[digikit.netlify.app/assets/js/plugins/app.js]
[digikit.netlify.app/pages/home_4.html]
[digikit.netlify.app/assets/images/bg/screen-soft.png]
[digikit.netlify.app/assets/images/bg/screen1.png]
[digikit.netlify.app/pages/home_5.html]
[digikit.netlify.app/pages/home_1_grad.html]
[digikit.netlify.app/assets/images/bg/company.jpg]
[digikit.netlify.app/assets/images/bg/testimonials-bg-grad.png]
[digikit.netlify.app/pages/home_2_grad.html]
[digikit.netlify.app/pages/home_3_grad.html]
[digikit.netlify.app/assets/images/bg/testimonialsgrad.png]
[digikit.netlify.app/pages/home_4_grad.html]
[digikit.netlify.app/assets/images/bg/herograd.png]
[digikit.netlify.app/assets/images/bg/screen1-grad.png]
[digikit.netlify.app/pages/home_5_grad.html]
[digikit.netlify.app/pages/page_about.html]
[digikit.netlify.app/pages/page_services.html]
[www.wrappixel.com/demos/ui-kit/wrapkit/assets/images/testimonial/1.jpg]
[www.wrappixel.com/demos/ui-kit/wrapkit/assets/images/testimonial/2.jpg]
[www.wrappixel.com/demos/ui-kit/wrapkit/assets/images/testimonial/3.jpg]
[digikit.netlify.app/pages/page_plans.html]
[digikit.netlify.app/pages/page_blog.html]
[digikit.netlify.app/pages/page_blog details.html]
[digikit.netlify.app/pages/images/bg/here.png]
[digikit.netlify.app/pages/page_article.html]
[digikit.netlify.app/pages/page_contact.html]
[digikit.netlify.app/pages/page_help.html]
[digikit.netlify.app/assets/css/owl.video.play.html]
[digikit.netlify.app/assets/css/ajax-loader.html]
[digikit.netlify.app/assets/css/fonts/slick.html]
[digikit.netlify.app/assets/css/fonts/slickd41d.html]
[digikit.netlify.app/assets/css/fonts/slick-2.html]
[digikit.netlify.app/assets/css/fonts/slick-3.html]
[digikit.netlify.app/assets/css/fonts/slick-4.html]
[digikit.netlify.app/assets/images/icons/loader.html]
[digikit.netlify.app/assets/img/bg/box.html]
[digikit.netlify.app/assets/img/bg/sectionbg.html]
[digikit.netlify.app/assets/img/bg/imgsection.html]
[digikit.netlify.app/assets/img/bg/imgsection2.html]
[digikit.netlify.app/assets/img/bg/shape.html]
[digikit.netlify.app/pages/index.html]
[digikit.netlify.app/pages/about.html]
[digikit.netlify.app/pages/pricing.html]
[digikit.netlify.app/pages/contact.html]
[digikit.netlify.app/pages/blog.html]
[digikit.netlify.app/pages/privacy.html]
[digikit.netlify.app/pages/images/bg/here.html]
